Archive member included to satisfy reference by file (symbol)

d:/ch307/mounriver/mounriver_studio/toolchain/risc-v embedded gcc/bin/../lib/gcc/riscv-none-embed/8.2.0/rv32imac/ilp32\libgcc.a(adddf3.o)
                              ./System/Filter.o (__adddf3)
d:/ch307/mounriver/mounriver_studio/toolchain/risc-v embedded gcc/bin/../lib/gcc/riscv-none-embed/8.2.0/rv32imac/ilp32\libgcc.a(divdf3.o)
                              ./System/Filter.o (__divdf3)
d:/ch307/mounriver/mounriver_studio/toolchain/risc-v embedded gcc/bin/../lib/gcc/riscv-none-embed/8.2.0/rv32imac/ilp32\libgcc.a(muldf3.o)
                              ./System/Filter.o (__muldf3)
d:/ch307/mounriver/mounriver_studio/toolchain/risc-v embedded gcc/bin/../lib/gcc/riscv-none-embed/8.2.0/rv32imac/ilp32\libgcc.a(subdf3.o)
                              ./System/Filter.o (__subdf3)
d:/ch307/mounriver/mounriver_studio/toolchain/risc-v embedded gcc/bin/../lib/gcc/riscv-none-embed/8.2.0/rv32imac/ilp32\libgcc.a(addsf3.o)
                              ./User/main.o (__addsf3)
d:/ch307/mounriver/mounriver_studio/toolchain/risc-v embedded gcc/bin/../lib/gcc/riscv-none-embed/8.2.0/rv32imac/ilp32\libgcc.a(divsf3.o)
                              ./User/main.o (__divsf3)
d:/ch307/mounriver/mounriver_studio/toolchain/risc-v embedded gcc/bin/../lib/gcc/riscv-none-embed/8.2.0/rv32imac/ilp32\libgcc.a(eqsf2.o)
                              ./User/main.o (__eqsf2)
d:/ch307/mounriver/mounriver_studio/toolchain/risc-v embedded gcc/bin/../lib/gcc/riscv-none-embed/8.2.0/rv32imac/ilp32\libgcc.a(gesf2.o)
                              ./User/main.o (__gtsf2)
d:/ch307/mounriver/mounriver_studio/toolchain/risc-v embedded gcc/bin/../lib/gcc/riscv-none-embed/8.2.0/rv32imac/ilp32\libgcc.a(lesf2.o)
                              ./User/main.o (__ltsf2)
d:/ch307/mounriver/mounriver_studio/toolchain/risc-v embedded gcc/bin/../lib/gcc/riscv-none-embed/8.2.0/rv32imac/ilp32\libgcc.a(mulsf3.o)
                              ./System/Filter.o (__mulsf3)
d:/ch307/mounriver/mounriver_studio/toolchain/risc-v embedded gcc/bin/../lib/gcc/riscv-none-embed/8.2.0/rv32imac/ilp32\libgcc.a(subsf3.o)
                              ./User/main.o (__subsf3)
d:/ch307/mounriver/mounriver_studio/toolchain/risc-v embedded gcc/bin/../lib/gcc/riscv-none-embed/8.2.0/rv32imac/ilp32\libgcc.a(fixsfsi.o)
                              ./System/PID.o (__fixsfsi)
d:/ch307/mounriver/mounriver_studio/toolchain/risc-v embedded gcc/bin/../lib/gcc/riscv-none-embed/8.2.0/rv32imac/ilp32\libgcc.a(fixunssfsi.o)
                              ./Hardware/Servo.o (__fixunssfsi)
d:/ch307/mounriver/mounriver_studio/toolchain/risc-v embedded gcc/bin/../lib/gcc/riscv-none-embed/8.2.0/rv32imac/ilp32\libgcc.a(floatsisf.o)
                              ./User/main.o (__floatsisf)
d:/ch307/mounriver/mounriver_studio/toolchain/risc-v embedded gcc/bin/../lib/gcc/riscv-none-embed/8.2.0/rv32imac/ilp32\libgcc.a(floatundisf.o)
                              ./User/main.o (__floatundisf)
d:/ch307/mounriver/mounriver_studio/toolchain/risc-v embedded gcc/bin/../lib/gcc/riscv-none-embed/8.2.0/rv32imac/ilp32\libgcc.a(extendsfdf2.o)
                              ./System/Filter.o (__extendsfdf2)
d:/ch307/mounriver/mounriver_studio/toolchain/risc-v embedded gcc/bin/../lib/gcc/riscv-none-embed/8.2.0/rv32imac/ilp32\libgcc.a(truncdfsf2.o)
                              ./System/Filter.o (__truncdfsf2)
d:/ch307/mounriver/mounriver_studio/toolchain/risc-v embedded gcc/bin/../lib/gcc/riscv-none-embed/8.2.0/rv32imac/ilp32\libgcc.a(save-restore.o)
                              ./User/main.o (__riscv_save_12)
d:/ch307/mounriver/mounriver_studio/toolchain/risc-v embedded gcc/bin/../lib/gcc/riscv-none-embed/8.2.0/rv32imac/ilp32\libgcc.a(_clzsi2.o)
                              d:/ch307/mounriver/mounriver_studio/toolchain/risc-v embedded gcc/bin/../lib/gcc/riscv-none-embed/8.2.0/rv32imac/ilp32\libgcc.a(adddf3.o) (__clzsi2)
d:/ch307/mounriver/mounriver_studio/toolchain/risc-v embedded gcc/bin/../lib/gcc/riscv-none-embed/8.2.0/rv32imac/ilp32\libgcc.a(_clz.o)
                              d:/ch307/mounriver/mounriver_studio/toolchain/risc-v embedded gcc/bin/../lib/gcc/riscv-none-embed/8.2.0/rv32imac/ilp32\libgcc.a(_clzsi2.o) (__clz_tab)

Discarded input sections

 .text          0x0000000000000000        0x0 ./User/ch32v10x_it.o
 .data          0x0000000000000000        0x0 ./User/ch32v10x_it.o
 .bss           0x0000000000000000        0x0 ./User/ch32v10x_it.o
 .text          0x0000000000000000        0x0 ./User/main.o
 .data          0x0000000000000000        0x0 ./User/main.o
 .bss           0x0000000000000000        0x0 ./User/main.o
 .sbss.Disatance_Store
                0x0000000000000000        0x8 ./User/main.o
 .sbss.Fail_Count
                0x0000000000000000        0x4 ./User/main.o
 .sbss.cnt_T    0x0000000000000000        0x4 ./User/main.o
 .sbss.lost_count
[...]
Memory Configuration

Name             Origin             Length             Attributes
FLASH            0x0000000000000000 0x0000000000010000 xr
RAM              0x0000000020000000 0x0000000000005000 xrw
*default*        0x0000000000000000 0xffffffffffffffff

Linker script and memory map

LOAD ./User/ch32v10x_it.o
LOAD ./User/main.o
LOAD ./User/system_ch32v10x.o
LOAD ./System/Filter.o
LOAD ./System/GPIOSection_Init.o
LOAD ./System/PID.o
LOAD ./Startup/startup_ch32v10x.o
LOAD ./Peripheral/src/ch32v10x_adc.o
LOAD ./Peripheral/src/ch32v10x_bkp.o
LOAD ./Peripheral/src/ch32v10x_crc.o
LOAD ./Peripheral/src/ch32v10x_dbgmcu.o
LOAD ./Peripheral/src/ch32v10x_dma.o
LOAD ./Peripheral/src/ch32v10x_exti.o
LOAD ./Peripheral/src/ch32v10x_flash.o
LOAD ./Peripheral/src/ch32v10x_gpio.o
LOAD ./Peripheral/src/ch32v10x_i2c.o
LOAD ./Peripheral/src/ch32v10x_iwdg.o
LOAD ./Peripheral/src/ch32v10x_misc.o
LOAD ./Peripheral/src/ch32v10x_pwr.o
LOAD ./Peripheral/src/ch32v10x_rcc.o
LOAD ./Peripheral/src/ch32v10x_rtc.o
LOAD ./Peripheral/src/ch32v10x_spi.o
LOAD ./Peripheral/src/ch32v10x_tim.o
LOAD ./Peripheral/src/ch32v10x_usart.o
LOAD ./Peripheral/src/ch32v10x_usb.o
LOAD ./Peripheral/src/ch32v10x_usb_host.o
LOAD ./Peripheral/src/ch32v10x_wwdg.o
LOAD ./Hardware/Camera.o
LOAD ./Hardware/LED.o
LOAD ./Hardware/OLED.o
LOAD ./Hardware/PWM.o
LOAD ./Hardware/Servo.o
LOAD ./Hardware/Timer.o
LOAD ./Debug/debug.o
LOAD ./Core/core_riscv.o
LOAD d:/ch307/mounriver/mounriver_studio/toolchain/risc-v embedded gcc/bin/../lib/gcc/riscv-none-embed/8.2.0/rv32imac/ilp32\libgcc.a
LOAD d:/ch307/mounriver/mounriver_studio/toolchain/risc-v embedded gcc/bin/../lib/gcc/riscv-none-embed/8.2.0/../../../../riscv-none-embed/lib/rv32imac/ilp32\libg_nano.a
LOAD d:/ch307/mounriver/mounriver_studio/toolchain/risc-v embedded gcc/bin/../lib/gcc/riscv-none-embed/8.2.0/../../../../riscv-none-embed/lib/rv32imac/ilp32\libc_nano.a
LOAD d:/ch307/mounriver/mounriver_studio/toolchain/risc-v embedded gcc/bin/../lib/gcc/riscv-none-embed/8.2.0/rv32imac/ilp32\libgcc.a
START GROUP
LOAD d:/ch307/mounriver/mounriver_studio/toolchain/risc-v embedded gcc/bin/../lib/gcc/riscv-none-embed/8.2.0/rv32imac/ilp32\libgcc.a
LOAD d:/ch307/mounriver/mounriver_studio/toolchain/risc-v embedded gcc/bin/../lib/gcc/riscv-none-embed/8.2.0/../../../../riscv-none-embed/lib/rv32imac/ilp32\libc_nano.a
LOAD d:/ch307/mounriver/mounriver_studio/toolchain/risc-v embedded gcc/bin/../lib/gcc/riscv-none-embed/8.2.0/../../../../riscv-none-embed/lib/rv32imac/ilp32\libnosys.a
END GROUP
START GROUP
LOAD d:/ch307/mounriver/mounriver_studio/toolchain/risc-v embedded gcc/bin/../lib/gcc/riscv-none-embed/8.2.0/rv32imac/ilp32\libgcc.a
LOAD d:/ch307/mounriver/mounriver_studio/toolchain/risc-v embedded gcc/bin/../lib/gcc/riscv-none-embed/8.2.0/../../../../riscv-none-embed/lib/rv32imac/ilp32\libc_nano.a
LOAD d:/ch307/mounriver/mounriver_studio/toolchain/risc-v embedded gcc/bin/../lib/gcc/riscv-none-embed/8.2.0/../../../../riscv-none-embed/lib/rv32imac/ilp32\libnosys.a
END GROUP
                0x0000000000000800                __stack_size = 0x800
                [!provide]                        PROVIDE (_stack_size = __stack_size)

.init           0x0000000000000000       0x38
                0x0000000000000000                _sinit = .
                0x0000000000000000                . = ALIGN (0x4)
 *(SORT_NONE(.init))
 .init          0x0000000000000000       0x38 ./Startup/startup_ch32v10x.o
                0x0000000000000000                _start
                0x0000000000000038                . = ALIGN (0x4)
                0x0000000000000038                _einit = .

.vector         0x0000000000000038      0x108
 *(.vector)
 .vector        0x0000000000000038       0xf0 ./Startup/startup_ch32v10x.o
                0x0000000000000140                . = ALIGN (0x40)
 *fill*         0x0000000000000128       0x18 

.text           0x0000000000000140     0x4390
                0x0000000000000140                . = ALIGN (0x4)
 *(.text)
 .text          0x0000000000000140       0x60 d:/ch307/mounriver/mounriver_studio/toolchain/risc-v embedded gcc/bin/../lib/gcc/riscv-none-embed/8.2.0/rv32imac/ilp32\libgcc.a(save-restore.o)
                0x0000000000000140                __riscv_save_12
                0x0000000000000148                __riscv_save_9
                0x0000000000000148                __riscv_save_11
                0x0000000000000148                __riscv_save_10
                0x0000000000000148                __riscv_save_8
                0x0000000000000156                __riscv_save_4
                0x0000000000000156                __riscv_save_6
                0x0000000000000156                __riscv_save_5
                0x0000000000000156                __riscv_save_7
                0x0000000000000170                __riscv_save_3
                0x0000000000000170                __riscv_save_2
                0x0000000000000170                __riscv_save_1
                0x0000000000000170                __riscv_save_0
                0x000000000000017c                __riscv_restore_12
                0x0000000000000180                __riscv_restore_11
                0x0000000000000180                __riscv_restore_9
                0x0000000000000180                __riscv_restore_10
                0x0000000000000180                __riscv_restore_8
                0x000000000000018a                __riscv_restore_5
                0x000000000000018a                __riscv_restore_7
                0x000000000000018a                __riscv_restore_6
                0x000000000000018a                __riscv_restore_4
                0x0000000000000194                __riscv_restore_3
                0x0000000000000194                __riscv_restore_0
                0x0000000000000194                __riscv_restore_2
                0x0000000000000194                __riscv_restore_1
 *(.text.*)
 .text.NMI_Handler
                0x00000000000001a0        0x4 ./User/ch32v10x_it.o
                0x00000000000001a0                NMI_Handler
 .text.HardFault_Handler
                0x00000000000001a4        0x2 ./User/ch32v10x_it.o
                0x00000000000001a4                HardFault_Handler
 .text.Ave      0x00000000000001a6       0x36 ./User/main.o
                0x00000000000001a6                Ave
 .text.err_store
                0x00000000000001dc       0x24 ./User/main.o
                0x00000000000001dc                err_store
 .text.startup.main
                0x0000000000000200      0x388 ./User/main.o
                0x0000000000000200                main
 .text.TIM1_UP_IRQHandler
                0x0000000000000588       0x64 ./User/main.o
                0x0000000000000588                TIM1_UP_IRQHandler
 .text.SystemInit
                0x00000000000005ec      0x106 ./User/system_ch32v10x.o
                0x00000000000005ec                SystemInit
 .text.SystemCoreClockUpdate
                0x00000000000006f2       0x7a ./User/system_ch32v10x.o
                0x00000000000006f2                SystemCoreClockUpdate
 .text.Low_Pass_Filter
                0x000000000000076c      0x120 ./System/Filter.o
                0x000000000000076c                Low_Pass_Filter
 .text.PID_init
                0x000000000000088c       0x20 ./System/PID.o
                0x000000000000088c                PID_init
 .text.pid      0x00000000000008ac       0x86 ./System/PID.o
                0x00000000000008ac                pid
 .text.vector_handler
                0x0000000000000932       0x58 ./Startup/startup_ch32v10x.o
                0x0000000000000936                SysTick_Handler
                0x0000000000000938                SW_Handler
                0x000000000000093a                WWDG_IRQHandler
                0x000000000000093c                PVD_IRQHandler
                0x000000000000093e                TAMPER_IRQHandler
                0x0000000000000940                RTC_IRQHandler
                0x0000000000000942                FLASH_IRQHandler
                0x0000000000000944                RCC_IRQHandler
                0x0000000000000946                EXTI0_IRQHandler
                0x0000000000000948                EXTI1_IRQHandler
                0x000000000000094a                EXTI2_IRQHandler
                0x000000000000094c                EXTI3_IRQHandler
                0x000000000000094e                EXTI4_IRQHandler
                0x0000000000000950                DMA1_Channel1_IRQHandler
                0x0000000000000952                DMA1_Channel2_IRQHandler
                0x0000000000000954                DMA1_Channel3_IRQHandler
                0x0000000000000956                DMA1_Channel4_IRQHandler
                0x0000000000000958                DMA1_Channel5_IRQHandler
                0x000000000000095a                DMA1_Channel6_IRQHandler
                0x000000000000095c                DMA1_Channel7_IRQHandler
                0x000000000000095e                ADC1_2_IRQHandler
                0x0000000000000960                EXTI9_5_IRQHandler
                0x0000000000000962                TIM1_BRK_IRQHandler
                0x0000000000000966                TIM1_TRG_COM_IRQHandler
                0x0000000000000968                TIM1_CC_IRQHandler
                0x000000000000096a                TIM2_IRQHandler
                0x000000000000096c                TIM3_IRQHandler
                0x000000000000096e                TIM4_IRQHandler
                0x0000000000000970                I2C1_EV_IRQHandler
                0x0000000000000972                I2C1_ER_IRQHandler
                0x0000000000000974                I2C2_EV_IRQHandler
                0x0000000000000976                I2C2_ER_IRQHandler
                0x0000000000000978                SPI1_IRQHandler
                0x000000000000097a                SPI2_IRQHandler
                0x000000000000097c                USART1_IRQHandler
                0x000000000000097e                USART2_IRQHandler
                0x0000000000000980                USART3_IRQHandler
                0x0000000000000982                EXTI15_10_IRQHandler
                0x0000000000000984                RTCAlarm_IRQHandler
                0x0000000000000986                USBWakeUp_IRQHandler
                0x0000000000000988                USBHD_IRQHandler
 .text.handle_reset
                0x000000000000098a       0x7a ./Startup/startup_ch32v10x.o
                0x000000000000098a                handle_reset
 .text.DMA_Init
                0x0000000000000a04       0x38 ./Peripheral/src/ch32v10x_dma.o
                0x0000000000000a04                DMA_Init
 .text.DMA_Cmd  0x0000000000000a3c       0x14 ./Peripheral/src/ch32v10x_dma.o
                0x0000000000000a3c                DMA_Cmd
 .text.GPIO_Init
                0x0000000000000a50       0xc2 ./Peripheral/src/ch32v10x_gpio.o
                0x0000000000000a50                GPIO_Init
 .text.GPIO_WriteBit
                0x0000000000000b12        0xa ./Peripheral/src/ch32v10x_gpio.o
                0x0000000000000b12                GPIO_WriteBit
 .text.NVIC_PriorityGroupConfig
                0x0000000000000b1c        0x6 ./Peripheral/src/ch32v10x_misc.o
                0x0000000000000b1c                NVIC_PriorityGroupConfig
 .text.NVIC_Init
                0x0000000000000b22       0xca ./Peripheral/src/ch32v10x_misc.o
                0x0000000000000b22                NVIC_Init
 .text.RCC_GetClocksFreq
                0x0000000000000bec       0xbc ./Peripheral/src/ch32v10x_rcc.o
                0x0000000000000bec                RCC_GetClocksFreq
 .text.RCC_AHBPeriphClockCmd
                0x0000000000000ca8       0x1e ./Peripheral/src/ch32v10x_rcc.o
                0x0000000000000ca8                RCC_AHBPeriphClockCmd
 .text.RCC_APB2PeriphClockCmd
                0x0000000000000cc6       0x1e ./Peripheral/src/ch32v10x_rcc.o
                0x0000000000000cc6                RCC_APB2PeriphClockCmd
 .text.RCC_APB1PeriphClockCmd
                0x0000000000000ce4       0x1e ./Peripheral/src/ch32v10x_rcc.o
                0x0000000000000ce4                RCC_APB1PeriphClockCmd
 .text.TIM_TimeBaseInit
                0x0000000000000d02       0x78 ./Peripheral/src/ch32v10x_tim.o
                0x0000000000000d02                TIM_TimeBaseInit
 .text.TIM_OC1Init
                0x0000000000000d7a       0x88 ./Peripheral/src/ch32v10x_tim.o
                0x0000000000000d7a                TIM_OC1Init
 .text.TIM_OC2Init
                0x0000000000000e02       0xb4 ./Peripheral/src/ch32v10x_tim.o
                0x0000000000000e02                TIM_OC2Init
 .text.TIM_OCStructInit
                0x0000000000000eb6       0x22 ./Peripheral/src/ch32v10x_tim.o
                0x0000000000000eb6                TIM_OCStructInit
 .text.TIM_Cmd  0x0000000000000ed8       0x1c ./Peripheral/src/ch32v10x_tim.o
                0x0000000000000ed8                TIM_Cmd
 .text.TIM_ITConfig
                0x0000000000000ef4       0x16 ./Peripheral/src/ch32v10x_tim.o
                0x0000000000000ef4                TIM_ITConfig
 .text.TIM_InternalClockConfig
                0x0000000000000f0a       0x14 ./Peripheral/src/ch32v10x_tim.o
                0x0000000000000f0a                TIM_InternalClockConfig
 .text.TIM_SetCompare1
                0x0000000000000f1e        0x6 ./Peripheral/src/ch32v10x_tim.o
                0x0000000000000f1e                TIM_SetCompare1
 .text.TIM_SetCompare2
                0x0000000000000f24        0x6 ./Peripheral/src/ch32v10x_tim.o
                0x0000000000000f24                TIM_SetCompare2
 .text.TIM_GetFlagStatus
                0x0000000000000f2a        0xc ./Peripheral/src/ch32v10x_tim.o
                0x0000000000000f2a                TIM_GetFlagStatus
 .text.TIM_ClearFlag
                0x0000000000000f36        0xe ./Peripheral/src/ch32v10x_tim.o
                0x0000000000000f36                TIM_ClearFlag
 .text.USART_Init
                0x0000000000000f44       0xd6 ./Peripheral/src/ch32v10x_usart.o
                0x0000000000000f44                USART_Init
 .text.USART_Cmd
                0x000000000000101a       0x1c ./Peripheral/src/ch32v10x_usart.o
                0x000000000000101a                USART_Cmd
 .text.USART_DMACmd
                0x0000000000001036       0x16 ./Peripheral/src/ch32v10x_usart.o
                0x0000000000001036                USART_DMACmd
 .text.USART_SendData
                0x000000000000104c        0xa ./Peripheral/src/ch32v10x_usart.o
                0x000000000000104c                USART_SendData
 .text.USART_GetFlagStatus
                0x0000000000001056        0xc ./Peripheral/src/ch32v10x_usart.o
                0x0000000000001056                USART_GetFlagStatus
 .text.MCU_Serial_Init
                0x0000000000001062       0xca ./Hardware/Camera.o
                0x0000000000001062                MCU_Serial_Init
 .text.Camera_Serial_Init
                0x000000000000112c       0xc8 ./Hardware/Camera.o
                0x000000000000112c                Camera_Serial_Init
 .text.CameraData_Process
                0x00000000000011f4       0x60 ./Hardware/Camera.o
                0x00000000000011f4                CameraData_Process
 .text.Serial_SendByte
                0x0000000000001254       0x22 ./Hardware/Camera.o
                0x0000000000001254                Serial_SendByte
 .text.Serial_SendFloat
                0x0000000000001276       0x2c ./Hardware/Camera.o
                0x0000000000001276                Serial_SendFloat
 .text.OLED_I2C_Init
                0x00000000000012a2       0x60 ./Hardware/OLED.o
                0x00000000000012a2                OLED_I2C_Init
 .text.OLED_I2C_Start
                0x0000000000001302       0x44 ./Hardware/OLED.o
                0x0000000000001302                OLED_I2C_Start
 .text.OLED_I2C_Stop
                0x0000000000001346       0x36 ./Hardware/OLED.o
                0x0000000000001346                OLED_I2C_Stop
 .text.OLED_I2C_SendByte
                0x000000000000137c       0x66 ./Hardware/OLED.o
                0x000000000000137c                OLED_I2C_SendByte
 .text.OLED_WriteCommand
                0x00000000000013e2       0x1c ./Hardware/OLED.o
                0x00000000000013e2                OLED_WriteCommand
 .text.OLED_WriteData
                0x00000000000013fe       0x1e ./Hardware/OLED.o
                0x00000000000013fe                OLED_WriteData
 .text.OLED_SetCursor
                0x000000000000141c       0x20 ./Hardware/OLED.o
                0x000000000000141c                OLED_SetCursor
 .text.OLED_Clear
                0x000000000000143c       0x28 ./Hardware/OLED.o
                0x000000000000143c                OLED_Clear
 .text.OLED_Init
                0x0000000000001464       0x90 ./Hardware/OLED.o
                0x0000000000001464                OLED_Init
 .text.PWM_Init
                0x00000000000014f4       0x96 ./Hardware/PWM.o
                0x00000000000014f4                PWM_Init
 .text.PWM_SetCompare_Pan
                0x000000000000158a       0x16 ./Hardware/PWM.o
                0x000000000000158a                PWM_SetCompare_Pan
 .text.PWM_SetCompare_Tilt
                0x00000000000015a0       0x16 ./Hardware/PWM.o
                0x00000000000015a0                PWM_SetCompare_Tilt
 .text.Servo_SetAngle_Pan
                0x00000000000015b6       0x36 ./Hardware/Servo.o
                0x00000000000015b6                Servo_SetAngle_Pan
 .text.Servo_SetAngle_Tilt
                0x00000000000015ec       0x36 ./Hardware/Servo.o
                0x00000000000015ec                Servo_SetAngle_Tilt
 .text.Clock_Init
                0x0000000000001622       0x7a ./Hardware/Timer.o
                0x0000000000001622                Clock_Init
 .text.Delay_Init
                0x000000000000169c       0x26 ./Debug/debug.o
                0x000000000000169c                Delay_Init
 .text.Delay_Ms
                0x00000000000016c2       0x30 ./Debug/debug.o
                0x00000000000016c2                Delay_Ms
 .text.__adddf3
                0x00000000000016f2      0x730 d:/ch307/mounriver/mounriver_studio/toolchain/risc-v embedded gcc/bin/../lib/gcc/riscv-none-embed/8.2.0/rv32imac/ilp32\libgcc.a(adddf3.o)
                0x00000000000016f2                __adddf3
 .text.__divdf3
                0x0000000000001e22      0x5b4 d:/ch307/mounriver/mounriver_studio/toolchain/risc-v embedded gcc/bin/../lib/gcc/riscv-none-embed/8.2.0/rv32imac/ilp32\libgcc.a(divdf3.o)
                0x0000000000001e22                __divdf3
 .text.__muldf3
                0x00000000000023d6      0x4b8 d:/ch307/mounriver/mounriver_studio/toolchain/risc-v embedded gcc/bin/../lib/gcc/riscv-none-embed/8.2.0/rv32imac/ilp32\libgcc.a(muldf3.o)
                0x00000000000023d6                __muldf3
 .text.__subdf3
                0x000000000000288e      0x73e d:/ch307/mounriver/mounriver_studio/toolchain/risc-v embedded gcc/bin/../lib/gcc/riscv-none-embed/8.2.0/rv32imac/ilp32\libgcc.a(subdf3.o)
                0x000000000000288e                __subdf3
 .text.__addsf3
                0x0000000000002fcc      0x36a d:/ch307/mounriver/mounriver_studio/toolchain/risc-v embedded gcc/bin/../lib/gcc/riscv-none-embed/8.2.0/rv32imac/ilp32\libgcc.a(addsf3.o)
                0x0000000000002fcc                __addsf3
 .text.__divsf3
                0x0000000000003336      0x2b2 d:/ch307/mounriver/mounriver_studio/toolchain/risc-v embedded gcc/bin/../lib/gcc/riscv-none-embed/8.2.0/rv32imac/ilp32\libgcc.a(divsf3.o)
                0x0000000000003336                __divsf3
 .text.__eqsf2  0x00000000000035e8       0x5c d:/ch307/mounriver/mounriver_studio/toolchain/risc-v embedded gcc/bin/../lib/gcc/riscv-none-embed/8.2.0/rv32imac/ilp32\libgcc.a(eqsf2.o)
                0x00000000000035e8                __eqsf2
                0x00000000000035e8                __nesf2
 .text.__gesf2  0x0000000000003644       0x86 d:/ch307/mounriver/mounriver_studio/toolchain/risc-v embedded gcc/bin/../lib/gcc/riscv-none-embed/8.2.0/rv32imac/ilp32\libgcc.a(gesf2.o)
                0x0000000000003644                __gesf2
                0x0000000000003644                __gtsf2
 .text.__lesf2  0x00000000000036ca       0x8c d:/ch307/mounriver/mounriver_studio/toolchain/risc-v embedded gcc/bin/../lib/gcc/riscv-none-embed/8.2.0/rv32imac/ilp32\libgcc.a(lesf2.o)
                0x00000000000036ca                __ltsf2
                0x00000000000036ca                __lesf2
 .text.__mulsf3
                0x0000000000003756      0x294 d:/ch307/mounriver/mounriver_studio/toolchain/risc-v embedded gcc/bin/../lib/gcc/riscv-none-embed/8.2.0/rv32imac/ilp32\libgcc.a(mulsf3.o)
                0x0000000000003756                __mulsf3
 .text.__subsf3
                0x00000000000039ea      0x388 d:/ch307/mounriver/mounriver_studio/toolchain/risc-v embedded gcc/bin/../lib/gcc/riscv-none-embed/8.2.0/rv32imac/ilp32\libgcc.a(subsf3.o)
                0x00000000000039ea                __subsf3
 .text.__fixunssfsi
                0x0000000000003d72       0x56 d:/ch307/mounriver/mounriver_studio/toolchain/risc-v embedded gcc/bin/../lib/gcc/riscv-none-embed/8.2.0/rv32imac/ilp32\libgcc.a(fixunssfsi.o)
                0x0000000000003d72                __fixunssfsi
 .text.__floatsisf
                0x0000000000003dc8       0xc6 d:/ch307/mounriver/mounriver_studio/toolchain/risc-v embedded gcc/bin/../lib/gcc/riscv-none-embed/8.2.0/rv32imac/ilp32\libgcc.a(floatsisf.o)
                0x0000000000003dc8                __floatsisf
 .text.__floatundisf
                0x0000000000003e8e      0x11e d:/ch307/mounriver/mounriver_studio/toolchain/risc-v embedded gcc/bin/../lib/gcc/riscv-none-embed/8.2.0/rv32imac/ilp32\libgcc.a(floatundisf.o)
                0x0000000000003e8e                __floatundisf
 .text.__extendsfdf2
                0x0000000000003fac       0xac d:/ch307/mounriver/mounriver_studio/toolchain/risc-v embedded gcc/bin/../lib/gcc/riscv-none-embed/8.2.0/rv32imac/ilp32\libgcc.a(extendsfdf2.o)
                0x0000000000003fac                __extendsfdf2
 .text.__truncdfsf2
                0x0000000000004058      0x16a d:/ch307/mounriver/mounriver_studio/toolchain/risc-v embedded gcc/bin/../lib/gcc/riscv-none-embed/8.2.0/rv32imac/ilp32\libgcc.a(truncdfsf2.o)
                0x0000000000004058                __truncdfsf2
 .text.__clzsi2
                0x00000000000041c2       0x76 d:/ch307/mounriver/mounriver_studio/toolchain/risc-v embedded gcc/bin/../lib/gcc/riscv-none-embed/8.2.0/rv32imac/ilp32\libgcc.a(_clzsi2.o)
                0x00000000000041c2                __clzsi2
 *(.rodata)
 *(.rodata*)
 *fill*         0x0000000000004238        0x0 
 .rodata.main.cst4
                0x0000000000004238       0x34 ./User/main.o
 .rodata.High_Pass_Filter.cst4
                0x000000000000426c        0x4 ./System/Filter.o
 *fill*         0x0000000000004270        0x0 
 .rodata.High_Pass_Filter.cst8
                0x0000000000004270       0x10 ./System/Filter.o
 .rodata.pid.cst4
                0x0000000000004280        0x8 ./System/PID.o
 .rodata.Servo_SetAngle_Pan.cst4
                0x0000000000004288        0x8 ./Hardware/Servo.o
                                          0xc (size before relaxing)
 .rodata.__divdf3
                0x0000000000004290       0x40 d:/ch307/mounriver/mounriver_studio/toolchain/risc-v embedded gcc/bin/../lib/gcc/riscv-none-embed/8.2.0/rv32imac/ilp32\libgcc.a(divdf3.o)
 .rodata.__muldf3
                0x00000000000042d0       0x40 d:/ch307/mounriver/mounriver_studio/toolchain/risc-v embedded gcc/bin/../lib/gcc/riscv-none-embed/8.2.0/rv32imac/ilp32\libgcc.a(muldf3.o)
 .rodata.__divsf3
                0x0000000000004310       0x80 d:/ch307/mounriver/mounriver_studio/toolchain/risc-v embedded gcc/bin/../lib/gcc/riscv-none-embed/8.2.0/rv32imac/ilp32\libgcc.a(divsf3.o)
 .rodata.__mulsf3
                0x0000000000004390       0x40 d:/ch307/mounriver/mounriver_studio/toolchain/risc-v embedded gcc/bin/../lib/gcc/riscv-none-embed/8.2.0/rv32imac/ilp32\libgcc.a(mulsf3.o)
 .rodata.__clz_tab
                0x00000000000043d0      0x100 d:/ch307/mounriver/mounriver_studio/toolchain/risc-v embedded gcc/bin/../lib/gcc/riscv-none-embed/8.2.0/rv32imac/ilp32\libgcc.a(_clz.o)
                0x00000000000043d0                __clz_tab
 *(.gnu.linkonce.t.*)
                0x00000000000044d0                . = ALIGN (0x4)

.rela.dyn       0x00000000000044d0        0x0
 .rela.init     0x00000000000044d0        0x0 ./User/ch32v10x_it.o
 .rela.vector   0x00000000000044d0        0x0 ./User/ch32v10x_it.o
 .rela.text.handle_reset
                0x00000000000044d0        0x0 ./User/ch32v10x_it.o

.fini           0x00000000000044d0        0x0
 *(SORT_NONE(.fini))
                0x00000000000044d0                . = ALIGN (0x4)
                [!provide]                        PROVIDE (_etext = .)
                [!provide]                        PROVIDE (_eitcm = .)

.preinit_array  0x00000000000044d0        0x0
                [!provide]                        PROVIDE (__preinit_array_start = .)
 *(.preinit_array)
                [!provide]                        PROVIDE (__preinit_array_end = .)

.init_array     0x00000000000044d0        0x0
                [!provide]                        PROVIDE (__init_array_start = .)
 *(SORT_BY_INIT_PRIORITY(.init_array.*) SORT_BY_INIT_PRIORITY(.ctors.*))
 *(.init_array EXCLUDE_FILE(*crtend?.o *crtend.o *crtbegin?.o *crtbegin.o) .ctors)
                [!provide]                        PROVIDE (__init_array_end = .)

.fini_array     0x00000000000044d0        0x0
                [!provide]                        PROVIDE (__fini_array_start = .)
 *(SORT_BY_INIT_PRIORITY(.fini_array.*) SORT_BY_INIT_PRIORITY(.dtors.*))
 *(.fini_array EXCLUDE_FILE(*crtend?.o *crtend.o *crtbegin?.o *crtbegin.o) .dtors)
                [!provide]                        PROVIDE (__fini_array_end = .)

.ctors
 *crtbegin.o(.ctors)
 *crtbegin?.o(.ctors)
 *(EXCLUDE_FILE(*crtend?.o *crtend.o) .ctors)
 *(SORT_BY_NAME(.ctors.*))
 *(.ctors)

.dtors
 *crtbegin.o(.dtors)
 *crtbegin?.o(.dtors)
 *(EXCLUDE_FILE(*crtend?.o *crtend.o) .dtors)
 *(SORT_BY_NAME(.dtors.*))
 *(.dtors)

.dalign         0x0000000020000000        0x0 load address 0x00000000000044d0
                0x0000000020000000                . = ALIGN (0x4)
                0x0000000020000000                PROVIDE (_data_vma = .)

.dlalign        0x00000000000044d0        0x0
                0x00000000000044d0                . = ALIGN (0x4)
                0x00000000000044d0                PROVIDE (_data_lma = .)

.data           0x0000000020000000       0x38 load address 0x00000000000044d0
 *(.gnu.linkonce.r.*)
 *(.data .data.*)
 .data.AHBPrescTable
                0x0000000020000000       0x10 ./User/system_ch32v10x.o
                0x0000000020000000                AHBPrescTable
 .data.APBAHBPrescTable
                0x0000000020000010       0x10 ./Peripheral/src/ch32v10x_rcc.o
 *(.gnu.linkonce.d.*)
                0x0000000020000020                . = ALIGN (0x8)
                0x0000000020000820                PROVIDE (__global_pointer$ = (. + 0x800))
 *(.sdata .sdata.*)
 .sdata.PID_Switch
                0x0000000020000020        0x4 ./User/main.o
                0x0000000020000020                PID_Switch
 .sdata.pan_ang
                0x0000000020000024        0x4 ./User/main.o
                0x0000000020000024                pan_ang
 .sdata.tilt_ang
                0x0000000020000028        0x4 ./User/main.o
                0x0000000020000028                tilt_ang
 .sdata.SystemCoreClock
                0x000000002000002c        0x4 ./User/system_ch32v10x.o
                0x000000002000002c                SystemCoreClock
 .sdata.ADCPrescTable
                0x0000000020000030        0x4 ./Peripheral/src/ch32v10x_rcc.o
 *(.sdata2.*)
 *(.gnu.linkonce.s.*)
                0x0000000020000038                . = ALIGN (0x8)
 *fill*         0x0000000020000034        0x4 
 *(.srodata.cst16)
 *(.srodata.cst8)
 *(.srodata.cst4)
 *(.srodata.cst2)
 *(.srodata .srodata.*)
                0x0000000020000038                . = ALIGN (0x4)
                0x0000000020000038                PROVIDE (_edata = .)

.bss            0x0000000020000038      0x158 load address 0x0000000000004508
                0x0000000020000038                . = ALIGN (0x4)
                0x0000000020000038                PROVIDE (_sbss = .)
 *(.sbss*)
 .sbss.Change_Flag
                0x0000000020000038        0x1 ./User/main.o
                0x0000000020000038                Change_Flag
 .sbss.MCU_Cmd  0x0000000020000039        0x1 ./User/main.o
                0x0000000020000039                MCU_Cmd
 *fill*         0x000000002000003a        0x2 
 .sbss.Phi_Error_Store
                0x000000002000003c        0x8 ./User/main.o
                0x000000002000003c                Phi_Error_Store
 *fill*         0x0000000020000044        0x4 
 .sbss.Real_Time
                0x0000000020000048        0x8 ./User/main.o
                0x0000000020000048                Real_Time
 .sbss.Real_Time_ms
                0x0000000020000050        0x8 ./User/main.o
                0x0000000020000050                Real_Time_ms
 .sbss.Theta_Error_Store
                0x0000000020000058        0x8 ./User/main.o
                0x0000000020000058                Theta_Error_Store
 .sbss.Validation_flag
                0x0000000020000060        0x1 ./User/main.o
                0x0000000020000060                Validation_flag
 *fill*         0x0000000020000061        0x3 
 .sbss.blobs_detect
                0x0000000020000064        0x4 ./User/main.o
                0x0000000020000064                blobs_detect
 .sbss.blobs_detect_last
                0x0000000020000068        0x1 ./User/main.o
                0x0000000020000068                blobs_detect_last
 *fill*         0x0000000020000069        0x3 
 .sbss.cnt_F    0x000000002000006c        0x4 ./User/main.o
                0x000000002000006c                cnt_F
 .sbss.detect_count
                0x0000000020000070        0x2 ./User/main.o
                0x0000000020000070                detect_count
 *fill*         0x0000000020000072        0x2 
 .sbss.pan_ang_delta
                0x0000000020000074        0x4 ./User/main.o
                0x0000000020000074                pan_ang_delta
 .sbss.tilt_ang_delta
                0x0000000020000078        0x4 ./User/main.o
                0x0000000020000078                tilt_ang_delta
 .sbss.NVIC_Priority_Group
                0x000000002000007c        0x4 ./Peripheral/src/ch32v10x_misc.o
                0x000000002000007c                NVIC_Priority_Group
 .sbss.p_ms     0x0000000020000080        0x2 ./Debug/debug.o
 .sbss.p_us     0x0000000020000082        0x1 ./Debug/debug.o
 *(.gnu.linkonce.sb.*)
 *(.bss*)
 *fill*         0x0000000020000083        0x1 
 .bss.CameraData
                0x0000000020000084        0xc ./User/main.o
                0x0000000020000084                CameraData
 .bss.Data2MCU  0x0000000020000090        0xc ./User/main.o
                0x0000000020000090                Data2MCU
 .bss.Openmv_DataSet
                0x000000002000009c        0xc ./User/main.o
                0x000000002000009c                Openmv_DataSet
 .bss.PID_Pan   0x00000000200000a8       0x34 ./User/main.o
                0x00000000200000a8                PID_Pan
 .bss.PID_Tilt  0x00000000200000dc       0x34 ./User/main.o
                0x00000000200000dc                PID_Tilt
 .bss.ang_err_T_True
                0x0000000020000110       0x50 ./User/main.o
                0x0000000020000110                ang_err_T_True
 .bss.Signal_In.4503
                0x0000000020000160       0x10 ./System/Filter.o
 .bss.Signal_Out.4504
                0x0000000020000170       0x10 ./System/Filter.o
 .bss.Time_Record.4505
                0x0000000020000180       0x10 ./System/Filter.o
 *(.gnu.linkonce.b.*)
 *(COMMON*)
                0x0000000020000190                . = ALIGN (0x4)
                0x0000000020000190                PROVIDE (_ebss = .)
                0x0000000020000190                PROVIDE (_end = _ebss)
                [!provide]                        PROVIDE (end = .)

.stack          0x0000000020004800      0x800
                0x0000000020004800                PROVIDE (_heap_end = .)
                0x0000000020004800                . = ALIGN (0x4)
                [!provide]                        PROVIDE (_susrstack = .)
                0x0000000020005000                . = (. + __stack_size)
 *fill*         0x0000000020004800      0x800 
                0x0000000020005000                PROVIDE (_eusrstack = .)
OUTPUT(CH32V103_Vice_Control.elf elf32-littleriscv)

.debug_info     0x0000000000000000    0x13915
 .debug_info    0x0000000000000000      0xb15 ./User/ch32v10x_it.o
 .debug_info    0x0000000000000b15     0x1521 ./User/main.o
 .debug_info    0x0000000000002036      0xd91 ./User/system_ch32v10x.o
 .debug_info    0x0000000000002dc7      0xc6b ./System/Filter.o
 .debug_info    0x0000000000003a32      0xd3d ./System/PID.o
 .debug_info    0x000000000000476f       0x22 ./Startup/startup_ch32v10x.o
 .debug_info    0x0000000000004791      0xec0 ./Peripheral/src/ch32v10x_dma.o
 .debug_info    0x0000000000005651     0x1253 ./Peripheral/src/ch32v10x_gpio.o
 .debug_info    0x00000000000068a4      0xfe7 ./Peripheral/src/ch32v10x_misc.o
 .debug_info    0x000000000000788b     0x139e ./Peripheral/src/ch32v10x_rcc.o
 .debug_info    0x0000000000008c29     0x2b3b ./Peripheral/src/ch32v10x_tim.o
 .debug_info    0x000000000000b764     0x1581 ./Peripheral/src/ch32v10x_usart.o
 .debug_info    0x000000000000cce5     0x14c5 ./Hardware/Camera.o
 .debug_info    0x000000000000e1aa     0x17c8 ./Hardware/OLED.o
 .debug_info    0x000000000000f972     0x11b3 ./Hardware/PWM.o
 .debug_info    0x0000000000010b25      0xc02 ./Hardware/Servo.o
 .debug_info    0x0000000000011727     0x10ab ./Hardware/Timer.o
 .debug_info    0x00000000000127d2     0x1143 ./Debug/debug.o

.debug_abbrev   0x0000000000000000     0x317a
 .debug_abbrev  0x0000000000000000      0x1d4 ./User/ch32v10x_it.o
 .debug_abbrev  0x00000000000001d4      0x31c ./User/main.o
 .debug_abbrev  0x00000000000004f0      0x2c5 ./User/system_ch32v10x.o
 .debug_abbrev  0x00000000000007b5      0x238 ./System/Filter.o
 .debug_abbrev  0x00000000000009ed      0x274 ./System/PID.o
 .debug_abbrev  0x0000000000000c61       0x12 ./Startup/startup_ch32v10x.o
 .debug_abbrev  0x0000000000000c73      0x320 ./Peripheral/src/ch32v10x_dma.o
 .debug_abbrev  0x0000000000000f93      0x32c ./Peripheral/src/ch32v10x_gpio.o
 .debug_abbrev  0x00000000000012bf      0x318 ./Peripheral/src/ch32v10x_misc.o
 .debug_abbrev  0x00000000000015d7      0x356 ./Peripheral/src/ch32v10x_rcc.o
 .debug_abbrev  0x000000000000192d      0x40d ./Peripheral/src/ch32v10x_tim.o
 .debug_abbrev  0x0000000000001d3a      0x317 ./Peripheral/src/ch32v10x_usart.o
 .debug_abbrev  0x0000000000002051      0x359 ./Hardware/Camera.o
 .debug_abbrev  0x00000000000023aa      0x398 ./Hardware/OLED.o
 .debug_abbrev  0x0000000000002742      0x276 ./Hardware/PWM.o
 .debug_abbrev  0x00000000000029b8      0x273 ./Hardware/Servo.o
 .debug_abbrev  0x0000000000002c2b      0x278 ./Hardware/Timer.o
 .debug_abbrev  0x0000000000002ea3      0x2d7 ./Debug/debug.o

.debug_aranges  0x0000000000000000      0x8f8
 .debug_aranges
                0x0000000000000000       0x28 ./User/ch32v10x_it.o
 .debug_aranges
                0x0000000000000028       0x38 ./User/main.o
 .debug_aranges
                0x0000000000000060       0x28 ./User/system_ch32v10x.o
 .debug_aranges
                0x0000000000000088       0x28 ./System/Filter.o
 .debug_aranges
                0x00000000000000b0       0x38 ./System/PID.o
 .debug_aranges
                0x00000000000000e8       0x38 ./Startup/startup_ch32v10x.o
 .debug_aranges
                0x0000000000000120       0x60 ./Peripheral/src/ch32v10x_dma.o
 .debug_aranges
                0x0000000000000180       0xa0 ./Peripheral/src/ch32v10x_gpio.o
 .debug_aranges
                0x0000000000000220       0x28 ./Peripheral/src/ch32v10x_misc.o
 .debug_aranges
                0x0000000000000248      0x118 ./Peripheral/src/ch32v10x_rcc.o
 .debug_aranges
                0x0000000000000360      0x2d0 ./Peripheral/src/ch32v10x_tim.o
 .debug_aranges
                0x0000000000000630      0x100 ./Peripheral/src/ch32v10x_usart.o
 .debug_aranges
                0x0000000000000730       0x60 ./Hardware/Camera.o
 .debug_aranges
                0x0000000000000790       0x98 ./Hardware/OLED.o
 .debug_aranges
                0x0000000000000828       0x30 ./Hardware/PWM.o
 .debug_aranges
                0x0000000000000858       0x38 ./Hardware/Servo.o
 .debug_aranges
                0x0000000000000890       0x20 ./Hardware/Timer.o
 .debug_aranges
                0x00000000000008b0       0x48 ./Debug/debug.o

.debug_ranges   0x0000000000000000      0x8f0
 .debug_ranges  0x0000000000000000       0x18 ./User/ch32v10x_it.o
 .debug_ranges  0x0000000000000018       0x28 ./User/main.o
 .debug_ranges  0x0000000000000040       0x38 ./User/system_ch32v10x.o
 .debug_ranges  0x0000000000000078       0x18 ./System/Filter.o
 .debug_ranges  0x0000000000000090       0x28 ./System/PID.o
 .debug_ranges  0x00000000000000b8       0x30 ./Startup/startup_ch32v10x.o
 .debug_ranges  0x00000000000000e8       0x50 ./Peripheral/src/ch32v10x_dma.o
 .debug_ranges  0x0000000000000138       0x90 ./Peripheral/src/ch32v10x_gpio.o
 .debug_ranges  0x00000000000001c8       0x30 ./Peripheral/src/ch32v10x_misc.o
 .debug_ranges  0x00000000000001f8      0x108 ./Peripheral/src/ch32v10x_rcc.o
 .debug_ranges  0x0000000000000300      0x2f0 ./Peripheral/src/ch32v10x_tim.o
 .debug_ranges  0x00000000000005f0       0xf0 ./Peripheral/src/ch32v10x_usart.o
 .debug_ranges  0x00000000000006e0       0x70 ./Hardware/Camera.o
 .debug_ranges  0x0000000000000750      0x110 ./Hardware/OLED.o
 .debug_ranges  0x0000000000000860       0x20 ./Hardware/PWM.o
 .debug_ranges  0x0000000000000880       0x28 ./Hardware/Servo.o
 .debug_ranges  0x00000000000008a8       0x10 ./Hardware/Timer.o
 .debug_ranges  0x00000000000008b8       0x38 ./Debug/debug.o

.debug_line     0x0000000000000000     0xca48
 .debug_line    0x0000000000000000      0x323 ./User/ch32v10x_it.o
 .debug_line    0x0000000000000323      0xd41 ./User/main.o
 .debug_line    0x0000000000001064      0x793 ./User/system_ch32v10x.o
 .debug_line    0x00000000000017f7      0x67c ./System/Filter.o
 .debug_line    0x0000000000001e73      0x8ec ./System/PID.o
 .debug_line    0x000000000000275f      0x320 ./Startup/startup_ch32v10x.o
 .debug_line    0x0000000000002a7f      0x999 ./Peripheral/src/ch32v10x_dma.o
 .debug_line    0x0000000000003418      0xd86 ./Peripheral/src/ch32v10x_gpio.o
 .debug_line    0x000000000000419e      0x617 ./Peripheral/src/ch32v10x_misc.o
 .debug_line    0x00000000000047b5     0x1194 ./Peripheral/src/ch32v10x_rcc.o
 .debug_line    0x0000000000005949     0x320c ./Peripheral/src/ch32v10x_tim.o
 .debug_line    0x0000000000008b55     0x10b7 ./Peripheral/src/ch32v10x_usart.o
 .debug_line    0x0000000000009c0c      0xbeb ./Hardware/Camera.o
 .debug_line    0x000000000000a7f7      0xca0 ./Hardware/OLED.o
 .debug_line    0x000000000000b497      0x55b ./Hardware/PWM.o
 .debug_line    0x000000000000b9f2      0x3b4 ./Hardware/Servo.o
 .debug_line    0x000000000000bda6      0x4b7 ./Hardware/Timer.o
 .debug_line    0x000000000000c25d      0x7eb ./Debug/debug.o

.debug_str      0x0000000000000000     0x2cc0
 .debug_str     0x0000000000000000      0x720 ./User/ch32v10x_it.o
                                        0x78c (size before relaxing)
 .debug_str     0x0000000000000720      0x47b ./User/main.o
                                        0xc06 (size before relaxing)
 .debug_str     0x0000000000000b9b       0xfa ./User/system_ch32v10x.o
                                        0x8b1 (size before relaxing)
 .debug_str     0x0000000000000c95       0x80 ./System/Filter.o
                                        0x7fb (size before relaxing)
 .debug_str     0x0000000000000d15       0x49 ./System/PID.o
                                        0x838 (size before relaxing)
 .debug_str     0x0000000000000d5e       0x2a ./Startup/startup_ch32v10x.o
                                         0x9f (size before relaxing)
 .debug_str     0x0000000000000d88      0x238 ./Peripheral/src/ch32v10x_dma.o
                                        0x9c9 (size before relaxing)
 .debug_str     0x0000000000000fc0      0x350 ./Peripheral/src/ch32v10x_gpio.o
                                        0xb11 (size before relaxing)
 .debug_str     0x0000000000001310      0x3ca ./Peripheral/src/ch32v10x_misc.o
                                        0xbad (size before relaxing)
 .debug_str     0x00000000000016da      0x3c3 ./Peripheral/src/ch32v10x_rcc.o
                                        0xc53 (size before relaxing)
 .debug_str     0x0000000000001a9d      0xa88 ./Peripheral/src/ch32v10x_tim.o
                                       0x1451 (size before relaxing)
 .debug_str     0x0000000000002525      0x416 ./Peripheral/src/ch32v10x_usart.o
                                        0xced (size before relaxing)
 .debug_str     0x000000000000293b       0xa1 ./Hardware/Camera.o
                                        0xca3 (size before relaxing)
 .debug_str     0x00000000000029dc      0x131 ./Hardware/OLED.o
                                        0xa8c (size before relaxing)
 .debug_str     0x0000000000002b0d       0x6f ./Hardware/PWM.o
                                        0xc48 (size before relaxing)
 .debug_str     0x0000000000002b7c       0x56 ./Hardware/Servo.o
                                        0x81f (size before relaxing)
 .debug_str     0x0000000000002bd2       0x14 ./Hardware/Timer.o
                                        0xcd8 (size before relaxing)
 .debug_str     0x0000000000002be6       0xda ./Debug/debug.o
                                        0xb29 (size before relaxing)

.comment        0x0000000000000000       0x33
 .comment       0x0000000000000000       0x33 ./User/ch32v10x_it.o
                                         0x34 (size before relaxing)
 .comment       0x0000000000000033       0x34 ./User/main.o
 .comment       0x0000000000000033       0x34 ./User/system_ch32v10x.o
 .comment       0x0000000000000033       0x34 ./System/Filter.o
 .comment       0x0000000000000033       0x34 ./System/PID.o
 .comment       0x0000000000000033       0x34 ./Peripheral/src/ch32v10x_dma.o
 .comment       0x0000000000000033       0x34 ./Peripheral/src/ch32v10x_gpio.o
 .comment       0x0000000000000033       0x34 ./Peripheral/src/ch32v10x_misc.o
 .comment       0x0000000000000033       0x34 ./Peripheral/src/ch32v10x_rcc.o
 .comment       0x0000000000000033       0x34 ./Peripheral/src/ch32v10x_tim.o
 .comment       0x0000000000000033       0x34 ./Peripheral/src/ch32v10x_usart.o
 .comment       0x0000000000000033       0x34 ./Hardware/Camera.o
 .comment       0x0000000000000033       0x34 ./Hardware/OLED.o
 .comment       0x0000000000000033       0x34 ./Hardware/PWM.o
 .comment       0x0000000000000033       0x34 ./Hardware/Servo.o
 .comment       0x0000000000000033       0x34 ./Hardware/Timer.o
 .comment       0x0000000000000033       0x34 ./Debug/debug.o

.debug_frame    0x0000000000000000     0x17d0
 .debug_frame   0x0000000000000000       0x30 ./User/ch32v10x_it.o
 .debug_frame   0x0000000000000030       0x88 ./User/main.o
 .debug_frame   0x00000000000000b8       0x3c ./User/system_ch32v10x.o
 .debug_frame   0x00000000000000f4       0xa0 ./System/Filter.o
 .debug_frame   0x0000000000000194       0xb4 ./System/PID.o
 .debug_frame   0x0000000000000248       0xd8 ./Peripheral/src/ch32v10x_dma.o
 .debug_frame   0x0000000000000320      0x138 ./Peripheral/src/ch32v10x_gpio.o
 .debug_frame   0x0000000000000458       0x30 ./Peripheral/src/ch32v10x_misc.o
 .debug_frame   0x0000000000000488      0x224 ./Peripheral/src/ch32v10x_rcc.o
 .debug_frame   0x00000000000006ac      0x614 ./Peripheral/src/ch32v10x_tim.o
 .debug_frame   0x0000000000000cc0      0x204 ./Peripheral/src/ch32v10x_usart.o
 .debug_frame   0x0000000000000ec4      0x138 ./Hardware/Camera.o
 .debug_frame   0x0000000000000ffc      0x254 ./Hardware/OLED.o
 .debug_frame   0x0000000000001250       0x6c ./Hardware/PWM.o
 .debug_frame   0x00000000000012bc       0x84 ./Hardware/Servo.o
 .debug_frame   0x0000000000001340       0x34 ./Hardware/Timer.o
 .debug_frame   0x0000000000001374       0x9c ./Debug/debug.o
 .debug_frame   0x0000000000001410       0x44 d:/ch307/mounriver/mounriver_studio/toolchain/risc-v embedded gcc/bin/../lib/gcc/riscv-none-embed/8.2.0/rv32imac/ilp32\libgcc.a(adddf3.o)
 .debug_frame   0x0000000000001454       0x50 d:/ch307/mounriver/mounriver_studio/toolchain/risc-v embedded gcc/bin/../lib/gcc/riscv-none-embed/8.2.0/rv32imac/ilp32\libgcc.a(divdf3.o)
 .debug_frame   0x00000000000014a4       0x54 d:/ch307/mounriver/mounriver_studio/toolchain/risc-v embedded gcc/bin/../lib/gcc/riscv-none-embed/8.2.0/rv32imac/ilp32\libgcc.a(muldf3.o)
 .debug_frame   0x00000000000014f8       0x44 d:/ch307/mounriver/mounriver_studio/toolchain/risc-v embedded gcc/bin/../lib/gcc/riscv-none-embed/8.2.0/rv32imac/ilp32\libgcc.a(subdf3.o)
 .debug_frame   0x000000000000153c       0x40 d:/ch307/mounriver/mounriver_studio/toolchain/risc-v embedded gcc/bin/../lib/gcc/riscv-none-embed/8.2.0/rv32imac/ilp32\libgcc.a(addsf3.o)
 .debug_frame   0x000000000000157c       0x50 d:/ch307/mounriver/mounriver_studio/toolchain/risc-v embedded gcc/bin/../lib/gcc/riscv-none-embed/8.2.0/rv32imac/ilp32\libgcc.a(divsf3.o)
 .debug_frame   0x00000000000015cc       0x20 d:/ch307/mounriver/mounriver_studio/toolchain/risc-v embedded gcc/bin/../lib/gcc/riscv-none-embed/8.2.0/rv32imac/ilp32\libgcc.a(eqsf2.o)
 .debug_frame   0x00000000000015ec       0x20 d:/ch307/mounriver/mounriver_studio/toolchain/risc-v embedded gcc/bin/../lib/gcc/riscv-none-embed/8.2.0/rv32imac/ilp32\libgcc.a(gesf2.o)
 .debug_frame   0x000000000000160c       0x20 d:/ch307/mounriver/mounriver_studio/toolchain/risc-v embedded gcc/bin/../lib/gcc/riscv-none-embed/8.2.0/rv32imac/ilp32\libgcc.a(lesf2.o)
 .debug_frame   0x000000000000162c       0x50 d:/ch307/mounriver/mounriver_studio/toolchain/risc-v embedded gcc/bin/../lib/gcc/riscv-none-embed/8.2.0/rv32imac/ilp32\libgcc.a(mulsf3.o)
 .debug_frame   0x000000000000167c       0x3c d:/ch307/mounriver/mounriver_studio/toolchain/risc-v embedded gcc/bin/../lib/gcc/riscv-none-embed/8.2.0/rv32imac/ilp32\libgcc.a(subsf3.o)
 .debug_frame   0x00000000000016b8       0x20 d:/ch307/mounriver/mounriver_studio/toolchain/risc-v embedded gcc/bin/../lib/gcc/riscv-none-embed/8.2.0/rv32imac/ilp32\libgcc.a(fixunssfsi.o)
 .debug_frame   0x00000000000016d8       0x38 d:/ch307/mounriver/mounriver_studio/toolchain/risc-v embedded gcc/bin/../lib/gcc/riscv-none-embed/8.2.0/rv32imac/ilp32\libgcc.a(floatsisf.o)
 .debug_frame   0x0000000000001710       0x48 d:/ch307/mounriver/mounriver_studio/toolchain/risc-v embedded gcc/bin/../lib/gcc/riscv-none-embed/8.2.0/rv32imac/ilp32\libgcc.a(floatundisf.o)
 .debug_frame   0x0000000000001758       0x38 d:/ch307/mounriver/mounriver_studio/toolchain/risc-v embedded gcc/bin/../lib/gcc/riscv-none-embed/8.2.0/rv32imac/ilp32\libgcc.a(extendsfdf2.o)
 .debug_frame   0x0000000000001790       0x20 d:/ch307/mounriver/mounriver_studio/toolchain/risc-v embedded gcc/bin/../lib/gcc/riscv-none-embed/8.2.0/rv32imac/ilp32\libgcc.a(truncdfsf2.o)
 .debug_frame   0x00000000000017b0       0x20 d:/ch307/mounriver/mounriver_studio/toolchain/risc-v embedded gcc/bin/../lib/gcc/riscv-none-embed/8.2.0/rv32imac/ilp32\libgcc.a(_clzsi2.o)

.debug_loc      0x0000000000000000     0x4170
 .debug_loc     0x0000000000000000      0x1b9 ./User/main.o
 .debug_loc     0x00000000000001b9       0xc3 ./User/system_ch32v10x.o
 .debug_loc     0x000000000000027c      0x1d2 ./System/Filter.o
 .debug_loc     0x000000000000044e      0x13a ./System/PID.o
 .debug_loc     0x0000000000000588      0x183 ./Peripheral/src/ch32v10x_dma.o
 .debug_loc     0x000000000000070b      0x63c ./Peripheral/src/ch32v10x_gpio.o
 .debug_loc     0x0000000000000d47       0xe8 ./Peripheral/src/ch32v10x_misc.o
 .debug_loc     0x0000000000000e2f      0x761 ./Peripheral/src/ch32v10x_rcc.o
 .debug_loc     0x0000000000001590     0x18e2 ./Peripheral/src/ch32v10x_tim.o
 .debug_loc     0x0000000000002e72      0x770 ./Peripheral/src/ch32v10x_usart.o
 .debug_loc     0x00000000000035e2      0x254 ./Hardware/Camera.o
 .debug_loc     0x0000000000003836      0x750 ./Hardware/OLED.o
 .debug_loc     0x0000000000003f86       0x42 ./Hardware/PWM.o
 .debug_loc     0x0000000000003fc8       0x46 ./Hardware/Servo.o
 .debug_loc     0x000000000000400e      0x162 ./Debug/debug.o
